agg_geom_admin_div1 agg_geom
agg_geom_admin_div2 agg_geom
agg_geom_admin_div3 agg_geom
agg_geom_admin_div4 agg_geom
agg_geom_admin_div5 agg_geom
azimuth az
azimuth_cv az_cv
azimuth_d az_d
azimuth_max az_max
azimuth_mean az_mean
azimuth_mean_pct_rnk az_mpr
azimuth_median az_med
azimuth_min az_min
azimuth_sd az_sd
buffer_area_100 ba_100
buffer_area_25 ba_25
buffer_area_50 ba_50
building:levels blvl
building:levels_cv blvl_cv
building:levels_d blvl_d
building:levels_max blvl_max
building:levels_mean blvl_mean
building:levels_mean_pct_rnk blvl_mpr
building:levels_median blvl_med
building:levels_min blvl_min
building:levels_pct_rnk blvl_pr
building:levels_sd blvl_sd
buildings_count bc
buildings_count_normalised bc_nm
cell_admin_div1 c_adm_div1
cell_admin_div2 c_adm_div2
cell_admin_div3 c_adm_div3
cell_admin_div4 c_adm_div4
cell_admin_div5 c_adm_div5
cell_area c_area
cell_centroid c_centroid
cell_country c_country
cell_country_code2 c_cc2
cell_country_code3 c_cc3
cell_country_official_name c_con
cell_geom c_geom
cell_id c_id
cell_population c_pop
compactness cpct
compactness_cv cpct_cv
compactness_d cpct_d
compactness_max cpct_max
compactness_mean cpct_mean
compactness_mean_pct_rnk cpct_mpr
compactness_median cpct_med
compactness_min cpct_min
compactness_pct_rnk cpct_pr
compactness_sd cpct_sd
complexity cplx
complexity_cv cplx_cv
complexity_d cplx_d
complexity_max cplx_max
complexity_mean cplx_mean
complexity_mean_pct_rnk cplx_mpr
complexity_median cplx_med
complexity_min cplx_min
complexity_pct_rnk cplx_pr
complexity_sd cplx_sd
distance_100_cv	d100_cv
distance_100_d d100_d
distance_100_max d100_max
distance_100_mean d100_mean
distance_100_mean_pct_rnk d100_mpr
distance_100_median d100_med
distance_100_min d100_min
distance_100_sd d100_sd
distance_25_cv d25_cv
distance_25_d d25_d
distance_25_max d25_max
distance_25_mean d25_mean
distance_25_mean_pct_rnk d25_mpr
distance_25_median d25_med
distance_25_min d25_min
distance_25_sd d25_sd
distance_50_cv d50_cv
distance_50_d d50_d
distance_50_max d50_max
distance_50_mean d50_mean
distance_50_mean_pct_rnk d50_mpr
distance_50_median d50_med
distance_50_min d50_min
distance_50_sd d50_sd
envelope_area ea
envelope_area_cv ea_cv
envelope_area_d ea_d
envelope_area_max ea_max
envelope_area_mean ea_mean
envelope_area_mean_pct_rnk ea_mpr
envelope_area_median ea_med
envelope_area_min ea_min
envelope_area_pct_rnk ea_pr
envelope_area_sd ea_sd
envelope_area_sum ea_sm
envelope_area_sum_normalised ea_s_nm
equivalent_rectangular_index eri
equivalent_rectangular_index_cv eri_cv
equivalent_rectangular_index_d eri_d
equivalent_rectangular_index_max eri_max
equivalent_rectangular_index_mean eri_mean
equivalent_rectangular_index_mean_pct_rnk eri_mpr
equivalent_rectangular_index_median eri_med
equivalent_rectangular_index_min eri_min
equivalent_rectangular_index_pct_rnk eri_pr
equivalent_rectangular_index_sd eri_sd
floor_area fla
floor_area_cv fla_cv
floor_area_d fla_d
floor_area_max fla_max
floor_area_mean fla_mea
floor_area_mean_pct_rnk fla_mpr
floor_area_median fla_med
floor_area_min fla_min
floor_area_pct_rnk fla_pr
floor_area_sd fla_sd
floor_area_sum fla_sm
floor_area_sum_normalised fla_s_nm
footprint_area fpa
footprint_area_cv fpa_cv
footprint_area_d fpa_d
footprint_area_max fpa_max
footprint_area_mean fpa_mean
footprint_area_mean_pct_rnk fpa_mpr
footprint_area_median fpa_med
footprint_area_min fpa_min
footprint_area_pct_rnk fpa_pr
footprint_area_sd fpa_sd
footprint_area_sum fpas
footprint_area_sum_normalised fpas_nm
height h
height_cv h_cv
height_d h_d
height_max h_max
height_mean h_mean
height_mean_pct_rnk h_mpr
height_median h_med
height_min h_min
height_pct_rnk h_pr
height_sd h_sd
height_weighted_mean h_wmean
is_residential res
mbr mbr
mbr_area mbra
mbr_area_cv mbra_cv
mbr_area_d mbra_d
mbr_area_max mbra_max
mbr_area_mean mbra_mean
mbr_area_mean_pct_rnk mbra_mpr
mbr_area_median mbra_med
mbr_area_min mbra_min
mbr_area_pct_rnk mbra_pr
mbr_area_sd mbra_sd
mbr_area_sum mbra_sm
mbr_area_sum_normalized mbra_s_nm
mbr_length l
mbr_length_cv l_cv
mbr_length_d l_d
mbr_length_max l_max
mbr_length_mean l_mean
mbr_length_mean_pct_rnk l_mpr
mbr_length_median l_med
mbr_length_min l_min
mbr_length_pct_rnk l_pr
mbr_length_sd l_sd
mbr_width w
mbr_width_cv w_cv
mbr_width_d w_d
mbr_width_max w_max
mbr_width_mean w_mean
mbr_width_mean_pct_rnk w_mpr
mbr_width_median w_med
mbr_width_min w_min
mbr_width_pct_rnk w_pr
mbr_width_sd w_sd
neighbour_100_count n100c
neighbour_100_count_min n100c_min
neighbour_100_count_median n100c_med
neighbour_100_count_mean n100c_mean
neighbour_100_count_max n100c_max
neighbour_100_count_sd n100c_sd
neighbour_100_count_d n100c_d
neighbour_100_count_cv n100c_cv
neighbour_100_count_mean_pct_rnk n100c_mpr
neighbour_25_count n25c
neighbour_25_count_min n25c_min
neighbour_25_count_median n25c_med
neighbour_25_count_mean n25c_mean
neighbour_25_count_max n25c_max
neighbour_25_count_sd n25c_sd
neighbour_25_count_d n25c_d
neighbour_25_count_cv n25c_cv
neighbour_25_count_mean_pct_rnk n25c_mpr
neighbour_50_count n50c
neighbour_50_count_min n50c_min
neighbour_50_count_median n50c_med
neighbour_50_count_mean n50c_mean
neighbour_50_count_max n50c_max
neighbour_50_count_sd n50c_sd
neighbour_50_count_d n50c_d
neighbour_50_count_cv n50c_cv
neighbour_50_count_mean_pct_rnk	n50c_mpr
neighbour_footprint_area_100_cv fpa100_cv
neighbour_footprint_area_100_d fpa100_d
neighbour_footprint_area_100_max fpa100_max
neighbour_footprint_area_100_mean fpa100_mea
neighbour_footprint_area_100_mean_pct_rnk fpa100_mpr
neighbour_footprint_area_100_median fpa100_med
neighbour_footprint_area_100_min fpa100_min
neighbour_footprint_area_100_sd fpa100_sd
neighbour_footprint_area_100_sum fpa100_sum
neighbour_footprint_area_25_cv fpa25_cv
neighbour_footprint_area_25_d fpa25_d
neighbour_footprint_area_25_max fpa25_max
neighbour_footprint_area_25_mean fpa25_mean
neighbour_footprint_area_25_mean_pct_rnk fpa25_mpr
neighbour_footprint_area_25_median fpa25_med
neighbour_footprint_area_25_min fpa25_min
neighbour_footprint_area_25_sd fpa25_sd
neighbour_footprint_area_25_sum fpa25_sum
neighbour_footprint_area_50_cv fpa50_cv
neighbour_footprint_area_50_d fpa50_d
neighbour_footprint_area_50_max fpa50_max
neighbour_footprint_area_50_mean fpa50_mean
neighbour_footprint_area_50_mean_pct_rnk fpa50_mpr
neighbour_footprint_area_50_median fpa50_med
neighbour_footprint_area_50_min fpa50_min
neighbour_footprint_area_50_sd fpa50_sd
neighbour_footprint_area_50_sum fpa50_sum
osm_id osm_id
perimeter p
perimeter_cv p_cv
perimeter_d p_d
perimeter_max p_max
perimeter_mean p_mean
perimeter_mean_pct_rnk p_mpr
perimeter_median p_med
perimeter_min p_min
perimeter_pct_rnk p_pr
perimeter_sd p_sd
perimeter_sum p_sm
perimeter_sum_normalised p_s_nm
ratio_height_to_footprint_area rhfpa
ratio_height_to_footprint_area_cv rhfpa_cv
ratio_height_to_footprint_area_d rhfpa_d
ratio_height_to_footprint_area_max rhfpa_max
ratio_height_to_footprint_area_mean rhfpa_mean
ratio_height_to_footprint_area_mean_pct_rnk rhfpa_mpr
ratio_height_to_footprint_area_median rhfpa_med
ratio_height_to_footprint_area_min rhfpa_min
ratio_height_to_footprint_area_pct_rnk rhfpa_pr
ratio_height_to_footprint_area_sd rhfpa_sd
ratio_neighbour_footprint_sum_to_buffer_100 rfb100
ratio_neighbour_footprint_sum_to_buffer_100_cv rfb100_cv
ratio_neighbour_footprint_sum_to_buffer_100_d rfb100_d
ratio_neighbour_footprint_sum_to_buffer_100_max rfb100_max
ratio_neighbour_footprint_sum_to_buffer_100_mean rfb100_mea
ratio_neighbour_footprint_sum_to_buffer_100_mean_pct_rnk rfb100_mpr
ratio_neighbour_footprint_sum_to_buffer_100_median rfb100_med
ratio_neighbour_footprint_sum_to_buffer_100_min rfb100_min
ratio_neighbour_footprint_sum_to_buffer_100_sd rfb100_sd
ratio_neighbour_footprint_sum_to_buffer_25 rfb25
ratio_neighbour_footprint_sum_to_buffer_25_cv rfb25_cv
ratio_neighbour_footprint_sum_to_buffer_25_d rfb25_d
ratio_neighbour_footprint_sum_to_buffer_25_max rfb25_max
ratio_neighbour_footprint_sum_to_buffer_25_mean rfb25_mea
ratio_neighbour_footprint_sum_to_buffer_25_mean_pct_rnk rfb25_mpr
ratio_neighbour_footprint_sum_to_buffer_25_median rfb25_med
ratio_neighbour_footprint_sum_to_buffer_25_min rfb25_min
ratio_neighbour_footprint_sum_to_buffer_25_sd rfb25_sd
ratio_neighbour_footprint_sum_to_buffer_50 rfb50
ratio_neighbour_footprint_sum_to_buffer_50_cv rfb50_cv
ratio_neighbour_footprint_sum_to_buffer_50_d rfb50_d
ratio_neighbour_footprint_sum_to_buffer_50_max rfb50_max
ratio_neighbour_footprint_sum_to_buffer_50_mean rfb50_mea
ratio_neighbour_footprint_sum_to_buffer_50_mean_pct_rnk rfb50_mpr
ratio_neighbour_footprint_sum_to_buffer_50_median rfb50_med
ratio_neighbour_footprint_sum_to_buffer_50_min rfb50_min
ratio_neighbour_footprint_sum_to_buffer_50_sd rfb50_sd
ratio_neighbour_height_to_distance_100_cv rhd100_cv
ratio_neighbour_height_to_distance_100_d rhd100_d
ratio_neighbour_height_to_distance_100_max rhd100_max
ratio_neighbour_height_to_distance_100_mean rhd100_mea
ratio_neighbour_height_to_distance_100_mean_pct_rnk rhd100_mpr
ratio_neighbour_height_to_distance_100_median rhd100_med
ratio_neighbour_height_to_distance_100_min rhd100_min
ratio_neighbour_height_to_distance_100_sd rhd100_sd
ratio_neighbour_height_to_distance_25_cv rhd25_cv
ratio_neighbour_height_to_distance_25_d	rhd25_d
ratio_neighbour_height_to_distance_25_max rhd25_max
ratio_neighbour_height_to_distance_25_mean rhd25_mean
ratio_neighbour_height_to_distance_25_mean_pct_rnk rhd25_mpr
ratio_neighbour_height_to_distance_25_median rhd25_med
ratio_neighbour_height_to_distance_25_min rhd25_min
ratio_neighbour_height_to_distance_25_sd rhd25_sd
ratio_neighbour_height_to_distance_50_cv rhd50_cv
ratio_neighbour_height_to_distance_50_d rhd50_d
ratio_neighbour_height_to_distance_50_max rhd50_max
ratio_neighbour_height_to_distance_50_mean rhd50_mean
ratio_neighbour_height_to_distance_50_mean_pct_rnk rhd50_mpr
ratio_neighbour_height_to_distance_50_median rhd50_med
ratio_neighbour_height_to_distance_50_min rhd50_min
ratio_neighbour_height_to_distance_50_sd rhd50_sd
residential_count resc
residential_count_normalised resc_nm
residential_floor_area_cv rfla_cv
residential_floor_area_d rfla_d
residential_floor_area_max rfla_max
residential_floor_area_mean rfla_mean
residential_floor_area_mean_pct_rnk rfla_mpr
residential_floor_area_median rfla_med
residential_floor_area_min rfla_min
residential_floor_area_sd rfla_sd
residential_floor_area_sum rfla_sm
residential_floor_area_sum_normalised rfla_s_nm
start_date stdt
start_date_pct_rnk stdt_pr
tags tags
vertices_count vc
vertices_count_cv vc_cv
vertices_count_d vc_d
vertices_count_max vc_max
vertices_count_mean vc_mean
vertices_count_mean_pct_rnk vc_mpr
vertices_count_median vc_med
vertices_count_min vc_min
vertices_count_pct_rnk vc_pr
vertices_count_sd vc_sd
vertices_count_sum vc_sm
vertices_count_sum_normalised vc_s_nm
volume vol
volume_cv vol_cv
volume_d vol_d
volume_max vol_max
volume_mean vol_mean
volume_mean_pct_rnk vol_mpr
volume_median vol_med
volume_min vol_min
volume_pct_rnk vol_pr
volume_sd vol_sd
volume_sum vol_sm
volume_sum_normalised vol_s_nm
wall_area wa
wall_area_cv wa_cv
wall_area_d wa_d
wall_area_max wa_max
wall_area_mean wa_mean
wall_area_mean_pct_rnk wa_mpr
wall_area_median wa_med
wall_area_min wa_min
wall_area_pct_rnk wa_pr
wall_area_sd wa_sd
wall_area_sum wa_sm
wall_area_sum_normalised wa_s_nm
way way
way_centroid way_c